[0m[1mbun test [0m[2mv1.2.15 (df017990)[0m
{"level":"error","message":"Invalid repository path: /definitely/does/not/exist/path/12345","timestamp":"2025-07-14T22:40:57.356Z"}
{"contents":["existing-file.txt"],"level":"warn","message":"Destination directory is not empty","timestamp":"2025-07-14T22:40:57.572Z","workdir":"/test/base/dir/sessions/test-session"}
{"all":true,"amend":false,"error":"Command failed: git -C /test/repo add -A\nfatal: cannot change to '/test/repo': No such file or directory\n","level":"error","message":"Error committing changes test commit message","repo":"/test/repo","session":"test-session","stack":"Error: Command failed: git -C /test/repo add -A\nfatal: cannot change to '/test/repo': No such file or directory\n\n    at genericNodeError (node:child_process:946:22)\n    at exitHandler (node:child_process:102:28)\n    at emit (node:events:96:22)\n    at #maybeClose (node:child_process:737:16)\n    at #handleOnExit (node:child_process:511:72)\n    at processTicksAndRejections (native:7:39)","timestamp":"2025-07-14T22:40:57.585Z"}
